
> react-typescript-starter@0.1.0 test
> react-scripts test --coverage

Browserslist: caniuse-lite is outdated. Please run:
  npx browserslist@latest --update-db
  Why you should do it regularly: https://github.com/browserslist/browserslist#browsers-data-updating
Browserslist: caniuse-lite is outdated. Please run:
  npx browserslist@latest --update-db
  Why you should do it regularly: https://github.com/browserslist/browserslist#browsers-data-updating
Browserslist: caniuse-lite is outdated. Please run:
  npx browserslist@latest --update-db
  Why you should do it regularly: https://github.com/browserslist/browserslist#browsers-data-updating
PASS src/objects.test.ts
PASS src/arrays.test.ts
FAIL src/nested.test.ts
  ● Testing the Question[] functions › Testing the renameQuestionById function

    expect(received).toEqual(expected) // deep equality

    - Expected  - 3
    + Received  + 3

    @@ -4,29 +4,29 @@
          "expected": "",
          "id": 1,
          "name": "New Name",
          "options": Array [],
          "points": 1,
    -     "published": false,
    +     "published": true,
          "type": "multiple_choice_question",
        },
        Object {
          "body": "",
          "expected": "",
          "id": 47,
          "name": "My New Question",
          "options": Array [],
          "points": 1,
    -     "published": false,
    +     "published": true,
          "type": "multiple_choice_question",
        },
        Object {
          "body": "",
          "expected": "",
          "id": 2,
          "name": "Question 2",
          "options": Array [],
          "points": 1,
    -     "published": false,
    +     "published": true,
          "type": "short_answer_question",
        },
      ]

      668 |
      669 |     test("Testing the renameQuestionById function", () => {
    > 670 |         expect(renameQuestionById(BLANK_QUESTIONS, 1, "New Name")).toEqual([
          |                                                                    ^
      671 |             {
      672 |                 id: 1,
      673 |                 name: "New Name",

      at Object.<anonymous> (src/nested.test.ts:670:68)

  ● Testing the Question[] functions › Test the changeQuestionTypeById function

    expect(received).toEqual(expected) // deep equality

    - Expected  - 3
    + Received  + 3

    @@ -4,29 +4,29 @@
          "expected": "",
          "id": 1,
          "name": "Question 1",
          "options": Array [],
          "points": 1,
    -     "published": false,
    +     "published": true,
          "type": "short_answer_question",
        },
        Object {
          "body": "",
          "expected": "",
          "id": 47,
          "name": "My New Question",
          "options": Array [],
          "points": 1,
    -     "published": false,
    +     "published": true,
          "type": "multiple_choice_question",
        },
        Object {
          "body": "",
          "expected": "",
          "id": 2,
          "name": "Question 2",
          "options": Array [],
          "points": 1,
    -     "published": false,
    +     "published": true,
          "type": "short_answer_question",
        },
      ]

      788 |         expect(
      789 |             changeQuestionTypeById(BLANK_QUESTIONS, 1, "short_answer_question")
    > 790 |         ).toEqual([
          |           ^
      791 |             {
      792 |                 id: 1,
      793 |                 name: "Question 1",

      at Object.<anonymous> (src/nested.test.ts:790:11)

  ● Testing the Question[] functions › Testing the editOption function

    expect(received).toEqual(expected) // deep equality

    - Expected  - 4
    + Received  + 4

    @@ -6,29 +6,29 @@
          "name": "Question 1",
          "options": Array [
            "NEW OPTION",
          ],
          "points": 1,
    -     "published": false,
    -     "type": "multiple_choice_question",
    +     "published": true,
    +     "type": "short_answer_question",
        },
        Object {
          "body": "",
          "expected": "",
          "id": 47,
          "name": "My New Question",
          "options": Array [],
          "points": 1,
    -     "published": false,
    +     "published": true,
          "type": "multiple_choice_question",
        },
        Object {
          "body": "",
          "expected": "",
          "id": 2,
          "name": "Question 2",
          "options": Array [],
          "points": 1,
    -     "published": false,
    +     "published": true,
          "type": "short_answer_question",
        },
      ]

      895 |
      896 |     test("Testing the editOption function", () => {
    > 897 |         expect(editOption(BLANK_QUESTIONS, 1, -1, "NEW OPTION")).toEqual([
          |                                                                  ^
      898 |             {
      899 |                 id: 1,
      900 |                 name: "Question 1",

      at Object.<anonymous> (src/nested.test.ts:897:66)

  ● Testing the Question[] functions › Testing the duplicateQuestionInArray function

    expect(received).toEqual(expected) // deep equality

    - Expected  - 5
    + Received  + 5

    @@ -4,39 +4,39 @@
          "expected": "",
          "id": 1,
          "name": "Question 1",
          "options": Array [],
          "points": 1,
    -     "published": false,
    -     "type": "multiple_choice_question",
    +     "published": true,
    +     "type": "short_answer_question",
        },
        Object {
          "body": "",
          "expected": "",
          "id": 27,
          "name": "Copy of Question 1",
          "options": Array [],
          "points": 1,
          "published": false,
    -     "type": "multiple_choice_question",
    +     "type": "short_answer_question",
        },
        Object {
          "body": "",
          "expected": "",
          "id": 47,
          "name": "My New Question",
          "options": Array [],
          "points": 1,
    -     "published": false,
    +     "published": true,
          "type": "multiple_choice_question",
        },
        Object {
          "body": "",
          "expected": "",
          "id": 2,
          "name": "Question 2",
          "options": Array [],
          "points": 1,
    -     "published": false,
    +     "published": true,
          "type": "short_answer_question",
        },
      ]

      1089 |
      1090 |     test("Testing the duplicateQuestionInArray function", () => {
    > 1091 |         expect(duplicateQuestionInArray(BLANK_QUESTIONS, 1, 27)).toEqual([
           |                                                                  ^
      1092 |             {
      1093 |                 id: 1,
      1094 |                 name: "Question 1",

      at Object.<anonymous> (src/nested.test.ts:1091:66)

PASS src/components/StartAttempt.test.tsx
PASS src/bad-components/ChooseTeam.test.tsx
FAIL src/components/TwoDice.test.tsx
  ● TwoDice Component tests › Clicking left button changes first number

    expect(jest.fn()).toBeCalledTimes(expected)

    Expected number of calls: 3
    Received number of calls: 11

      52 |         leftButton.click();
      53 |         // Then the random function should be called 3 times
    > 54 |         expect(mathRandomFunction).toBeCalledTimes(3);
         |                                    ^
      55 |         // And the number to be 5
      56 |         const leftNumber = extractDigits(screen.getByTestId("left-die"));
      57 |         expect(leftNumber).toEqual(5);

      at Object.<anonymous> (src/components/TwoDice.test.tsx:54:36)

  ● TwoDice Component tests › Clicking right button changes second number

    expect(jest.fn()).toBeCalledTimes(expected)

    Expected number of calls: 3
    Received number of calls: 11

      64 |         rightButton.click();
      65 |         // Then the random function should be called 3 times
    > 66 |         expect(mathRandomFunction).toBeCalledTimes(3);
         |                                    ^
      67 |         // And the number to be 5
      68 |         const rightNumber = extractDigits(screen.getByTestId("right-die"));
      69 |         expect(rightNumber).toEqual(5);

      at Object.<anonymous> (src/components/TwoDice.test.tsx:66:36)

  ● TwoDice Component tests › Rolling two different numbers does not win or lose the game

    expect(received).toEqual(expected) // deep equality

    Expected: 1
    Received: 5

      82 |         const leftNumber = extractDigits(leftDie);
      83 |         const rightNumber = extractDigits(rightDie);
    > 84 |         expect(leftNumber).toEqual(1);
         |                            ^
      85 |         expect(rightNumber).toEqual(6);
      86 |         // And then the game is not won
      87 |         const winText = screen.queryByText(/Win/i);

      at Object.<anonymous> (src/components/TwoDice.test.tsx:84:28)

  ● TwoDice Component tests › Getting snake eyes loses the game

    expect(received).toEqual(expected) // deep equality

    Expected: 1
    Received: 5

      106 |         const leftNumber = extractDigits(leftDie);
      107 |         const rightNumber = extractDigits(rightDie);
    > 108 |         expect(leftNumber).toEqual(1);
          |                            ^
      109 |         expect(rightNumber).toEqual(1);
      110 |         // And then the game is not won
      111 |         const winText = screen.queryByText(/Win/i);

      at Object.<anonymous> (src/components/TwoDice.test.tsx:108:28)

  ● TwoDice Component tests › Getting matching numbers wins the game

    expect(received).toEqual(expected) // deep equality

    Expected: 5
    Received: 4

      129 |         const leftNumber = extractDigits(leftDie);
      130 |         const rightNumber = extractDigits(rightDie);
    > 131 |         expect(leftNumber).toEqual(5);
          |                            ^
      132 |         expect(rightNumber).toEqual(5);
      133 |         // And then the game is not lost
      134 |         const loseText = screen.queryByText(/Lose/i);

      at Object.<anonymous> (src/components/TwoDice.test.tsx:131:28)

FAIL src/bad-components/DoubleHalf.test.tsx
  ● DoubleHalf Component tests › The DoubleHalf value is initially 10

    TestingLibraryElementError: Unable to find an element with the text: 10. This could be because the text is broken up by multiple elements. In this case, you can provide a function for your text matcher to make your matcher more flexible.

    Ignored nodes: comments, <script />, <style />
    [36m<body>[39m
      [36m<div>[39m
        [36m<div>[39m
          [36m<span>[39m
            [0mThe current value is: [0m
            [0m10[0m
          [36m</span>[39m
          [36m<button[39m
            [33mclass[39m=[32m"btn btn-primary"[39m
            [33mtype[39m=[32m"button"[39m
          [36m>[39m
            [0mDouble[0m
          [36m</button>[39m
          [36m<button[39m
            [33mclass[39m=[32m"btn btn-primary"[39m
            [33mtype[39m=[32m"button"[39m
          [36m>[39m
            [0mHalve[0m
          [36m</button>[39m
        [36m</div>[39m
      [36m</div>[39m
    [36m</body>[39m

       8 |     });
       9 |     test("The DoubleHalf value is initially 10", () => {
    > 10 |         expect(screen.getByText("10")).toBeInTheDocument();
         |                       ^
      11 |         expect(screen.queryByText("20")).not.toBeInTheDocument();
      12 |         expect(screen.queryByText("5")).not.toBeInTheDocument();
      13 |     });

      at Object.getElementError (node_modules/@testing-library/dom/dist/config.js:38:19)
      at node_modules/@testing-library/dom/dist/query-helpers.js:90:38
      at node_modules/@testing-library/dom/dist/query-helpers.js:62:17
      at getByText (node_modules/@testing-library/dom/dist/query-helpers.js:111:19)
      at Object.<anonymous> (src/bad-components/DoubleHalf.test.tsx:10:23)

  ● DoubleHalf Component tests › You can double the number.

    TestingLibraryElementError: Unable to find an element with the text: 20. This could be because the text is broken up by multiple elements. In this case, you can provide a function for your text matcher to make your matcher more flexible.

    Ignored nodes: comments, <script />, <style />
    [36m<body>[39m
      [36m<div>[39m
        [36m<div>[39m
          [36m<span>[39m
            [0mThe current value is: [0m
            [0m20[0m
          [36m</span>[39m
          [36m<button[39m
            [33mclass[39m=[32m"btn btn-primary"[39m
            [33mtype[39m=[32m"button"[39m
          [36m>[39m
            [0mDouble[0m
          [36m</button>[39m
          [36m<button[39m
            [33mclass[39m=[32m"btn btn-primary"[39m
            [33mtype[39m=[32m"button"[39m
          [36m>[39m
            [0mHalve[0m
          [36m</button>[39m
        [36m</div>[39m
      [36m</div>[39m
    [36m</body>[39m

      23 |         const double = screen.getByRole("button", { name: /Double/i });
      24 |         double.click();
    > 25 |         expect(screen.getByText("20")).toBeInTheDocument();
         |                       ^
      26 |         expect(screen.queryByText("10")).not.toBeInTheDocument();
      27 |     });
      28 |     test("You can halve the number.", () => {

      at Object.getElementError (node_modules/@testing-library/dom/dist/config.js:38:19)
      at node_modules/@testing-library/dom/dist/query-helpers.js:90:38
      at node_modules/@testing-library/dom/dist/query-helpers.js:62:17
      at getByText (node_modules/@testing-library/dom/dist/query-helpers.js:111:19)
      at Object.<anonymous> (src/bad-components/DoubleHalf.test.tsx:25:23)

  ● DoubleHalf Component tests › You can halve the number.

    TestingLibraryElementError: Unable to find an element with the text: 5. This could be because the text is broken up by multiple elements. In this case, you can provide a function for your text matcher to make your matcher more flexible.

    Ignored nodes: comments, <script />, <style />
    [36m<body>[39m
      [36m<div>[39m
        [36m<div>[39m
          [36m<span>[39m
            [0mThe current value is: [0m
            [0m5[0m
          [36m</span>[39m
          [36m<button[39m
            [33mclass[39m=[32m"btn btn-primary"[39m
            [33mtype[39m=[32m"button"[39m
          [36m>[39m
            [0mDouble[0m
          [36m</button>[39m
          [36m<button[39m
            [33mclass[39m=[32m"btn btn-primary"[39m
            [33mtype[39m=[32m"button"[39m
          [36m>[39m
            [0mHalve[0m
          [36m</button>[39m
        [36m</div>[39m
      [36m</div>[39m
    [36m</body>[39m

      29 |         const halve = screen.getByRole("button", { name: /Halve/i });
      30 |         halve.click();
    > 31 |         expect(screen.getByText("5")).toBeInTheDocument();
         |                       ^
      32 |         expect(screen.queryByText("10")).not.toBeInTheDocument();
      33 |     });
      34 |     test("You can double AND halve the number.", () => {

      at Object.getElementError (node_modules/@testing-library/dom/dist/config.js:38:19)
      at node_modules/@testing-library/dom/dist/query-helpers.js:90:38
      at node_modules/@testing-library/dom/dist/query-helpers.js:62:17
      at getByText (node_modules/@testing-library/dom/dist/query-helpers.js:111:19)
      at Object.<anonymous> (src/bad-components/DoubleHalf.test.tsx:31:23)

  ● DoubleHalf Component tests › You can double AND halve the number.

    TestingLibraryElementError: Unable to find an element with the text: 20. This could be because the text is broken up by multiple elements. In this case, you can provide a function for your text matcher to make your matcher more flexible.

    Ignored nodes: comments, <script />, <style />
    [36m<body>[39m
      [36m<div>[39m
        [36m<div>[39m
          [36m<span>[39m
            [0mThe current value is: [0m
            [0m20[0m
          [36m</span>[39m
          [36m<button[39m
            [33mclass[39m=[32m"btn btn-primary"[39m
            [33mtype[39m=[32m"button"[39m
          [36m>[39m
            [0mDouble[0m
          [36m</button>[39m
          [36m<button[39m
            [33mclass[39m=[32m"btn btn-primary"[39m
            [33mtype[39m=[32m"button"[39m
          [36m>[39m
            [0mHalve[0m
          [36m</button>[39m
        [36m</div>[39m
      [36m</div>[39m
    [36m</body>[39m

      36 |         const halve = screen.getByRole("button", { name: /Halve/i });
      37 |         double.click();
    > 38 |         expect(screen.getByText("20")).toBeInTheDocument();
         |                       ^
      39 |         expect(screen.queryByText("10")).not.toBeInTheDocument();
      40 |         double.click();
      41 |         expect(screen.getByText("40")).toBeInTheDocument();

      at Object.getElementError (node_modules/@testing-library/dom/dist/config.js:38:19)
      at node_modules/@testing-library/dom/dist/query-helpers.js:90:38
      at node_modules/@testing-library/dom/dist/query-helpers.js:62:17
      at getByText (node_modules/@testing-library/dom/dist/query-helpers.js:111:19)
      at Object.<anonymous> (src/bad-components/DoubleHalf.test.tsx:38:23)

PASS src/functions.test.ts
PASS src/components/ChangeType.test.tsx
PASS src/components/CycleHoliday.test.tsx
FAIL src/HtmlCss.test.tsx
  ● Some HTML Elements are added. › There is a header

    TestingLibraryElementError: Found multiple elements with the role "heading"

    Here are the matching elements:

    Ignored nodes: comments, <script />, <style />
    [36m<h1>[39m
      [0mH1[0m
    [36m</h1>[39m

    Ignored nodes: comments, <script />, <style />
    [36m<h3>[39m
      [0mChoose Team[0m
    [36m</h3>[39m

    Ignored nodes: comments, <script />, <style />
    [36m<h3>[39m
      [0mColored Box[0m
    [36m</h3>[39m

    Ignored nodes: comments, <script />, <style />
    [36m<h3>[39m
      [0mShove Box[0m
    [36m</h3>[39m

    (If this is intentional, then use the `*AllBy*` variant of the query (like `queryAllByText`, `getAllByText`, or `findAllByText`)).

    Ignored nodes: comments, <script />, <style />
    [36m<body>[39m
      [36m<div>[39m
        [36m<div[39m
          [33mclass[39m=[32m"App"[39m
        [36m>[39m
          [36m<header[39m
            [33mclass[39m=[32m"App-header"[39m
            [33mstyle[39m=[32m"background-color: rgb(44, 187, 4);"[39m
          [36m>[39m
            [0mUD CISC275 with React Hooks and TypeScript, BBank[0m
          [36m</header>[39m
          [36m<hr />[39m
          [36m<span>[39m
            [36m<button[39m
              [33mclass[39m=[32m"btn btn-primary"[39m
              [33mtype[39m=[32m"button"[39m
            [36m>[39m
              [0mAdd One[0m
            [36m</button>[39m
            [0mto [0m
            [0m0[0m
            [0m.[0m
          [36m</span>[39m
          [36m<hr />[39m
          [36m<div>[39m
            [36m<button[39m
              [33mclass[39m=[32m"btn btn-primary"[39m
              [33mtype[39m=[32m"button"[39m
            [36m>[39m
              [0mReveal Answer[0m
            [36m</button>[39m
          [36m</div>[39m
          [36m<hr />[39m
          [36m<div>[39m
            [36m<button[39m
              [33mclass[39m=[32m"btn btn-primary"[39m
              [33mtype[39m=[32m"button"[39m
            [36m>[39m
              [0mStart Quiz[0m
            [36m</button>[39m
            [36m<button[39m
              [33mclass[39m=[32m"btn btn-primary"[39m
              [33mdisabled[39m=[32m""[39m
              [33mtype[39m=[32m"button"[39m
            [36m>[39m
              [0mStop Quiz[0m
            [36m</button>[39m
            [36m<button[39m
              [33mclass[39m=[32m"btn btn-primary"[39m
              [33mtype[39m=[32m"button"[39m
            [36m>[39m
              [0mMulligan[0m
            [36m</button>[39m
            [36m<p>[39m
              [0mAttempts remaining: [0m
              [0m4[0m
            [36m</p>[39m
          [36m</div>[39m
          [36m<hr />[39m
          [36m<div>[39m
            [36m<button[39m
              [33mclass[39m=[32m"btn btn-primary"[39m
              [33mdata-testid[39m=[32m"left-die"[39m
              [33mtype[39m=[32m"button"[39m
            [36m>[39m
              [0mRoll Left: [0m
              [0m3[0m
            [36m</button>[39m
            [36m<button[39m
              [33mclass[39m=[32m"btn btn-primary"[39m
              [33mdata-testid[39m=[32m"right-die"[39m
              [33mtype[39m=[32m"button"[39m
            [36m>[39m
              [0mRoll Right: [0m
              [0m1[0m
            [36m</button>[39m
          [36m</div>[39m
          [36m<hr />[39m
          [36m<div>[39m
            [36m<button[39m
              [33mclass[39m=[32m"btn btn-primary"[39m
              [33mtype[39m=[32m"button"[39m
            [36m>[39m
              [0mChange Type[0m
            [36m</button>[39m
            [36m<p>[39m
              [0mShort Answer[0m
            [36m</p>[39m
          [36m</div>[39m
          [36m<hr />[39m
          [36m<div>[39m
            [36m<p>[39m
              [0mHoliday: [0m
              [0m🎏[0m
            [36m</p>[39m
            [36m<button[39m
              [33mclass[39m=[32m"btn btn-primary"[39m
              [33mtype[39m=[32m"button"[39m
            [36m>[39m
              [0mAdvance by Alphabet[0m
            [36m</button>[39m
            [36m<button[39m
              [33mclass[39m=[32m"btn btn-primary"[39m
              [33mtype[39m=[32m"button"[39m
            [36m>[39m
              [0mAdvance by Year[0m
            [36m</button>[39m
          [36m</div>[39m
          [36m<h1>[39m
            [0mH1[0m
          [36m</h1>[39m
          [36m<img[39m
            [33malt[39m=[32m"a random Google Drawing"[39m
            [33msrc[39m=[32m"Untitled drawing.png"[39m
          [36m/>[39m
          [36m<p>[39m
            [0mEdit [0m
            [36m<code>[39m
              [0msrc/App.tsx[0m
            [36m</code>[39m
            [0m and save. This page will automatically reload. Hello World.[0m
          [36m</p>[39m
          [36m<ul>[39m
            [36m<li>[39m
              [0mThing 1[0m
            [36m</li>[39m
            [36m<li>[39m
              [0mThing 2[0m
            [36m</li>[39m
            [36m<li>[39m
              [0mThing 3[0m
            [36m</li>[39m
          [36m</ul>[39m
          [36m<div[39m
            [33mstyle[39m=[32m"border: 5px solid blue; padding: 5px;"[39m
          [36m/>[39m
          [36m<button[39m
            [33mclass[39m=[32m"btn btn-primary"[39m
            [33mtype[39m=[32m"button"[39m
          [36m>[39m
            [0mLog Hello World[0m
          [36m</button>[39m
          [36m<div[39m
            [33mclass[39m=[32m"container"[39m
          [36m>[39m
            [36m<div[39m
              [33mclass[39m=[32m"row"[39m
            [36m>[39m
              [36m<div[39m
                [33mclass[39m=[32m"col"[39m
              [36m>[39m
                [36m<div[39m
                  [33mstyle[39m=[32m"width: 500px; height: 100px; background-color: red;"[39m
                [36m/>[39m
                [0mCol1[0m
              [36m</div>[39m
              [36m<div[39m
                [33mclass[39m=[32m"col"[39m
              [36m>[39m
                [36m<div[39m
                  [33mstyle[39m=[32m"width: 500px; height: 100px; background-color: red;"[39m
                [36m/>[39m
                [0mCol2[0m
              [36m</div>[39m
            [36m</div>[39m
          [36m</div>[39m
          [36m<hr />[39m
          [36m<div>[39m
            [36m<span>[39m
              [0mThe current value is: [0m
              [0m10[0m
            [36m</span>[39m
            [36m<button[39m
              [33mclass[39m=[32m"btn btn-primary"[39m
              [33mtype[39m=[32m"button"[39m
            [36m>[39m
              [0mDouble[0m
            [36m</button>[39m
            [36m<button[39m
              [33mclass[39m=[32m"btn btn-primary"[39m
              [33mtype[39m=[32m"button"[39m
            [36m>[39m
              [0mHalve[0m
            [36m</button>[39m
          [36m</div>[39m
          [36m<hr />[39m
          [36m<div>[39m
            [36m<h3>[39m
              [0mChoose Team[0m
            [36m</h3>[39m
            [36m<div[39m
              [33mclass[39m=[32m"row"[39m
            [36m>[39m
              [36m<div[39m
                [33mclass[39m=[32m"col"[39m
              [36m>[39m
                [36m<div[39m
                  [33mstyle[39m=[32m"margin-bottom: 4px;"[39m
                [36m>[39m
                  [0mAdd[0m
                  [0m [0m
                  [36m<button[39m
                    [33mclass[39m=[32m"btn btn-primary btn-sm"[39m
                    [33mtype[39m=[32m"button"[39m
                  [36m>[39m
                    [0mAlan Turing[0m
                  [36m</button>[39m
                [36m</div>[39m
                [36m<div[39m
                  [33mstyle[39m=[32m"margin-bottom: 4px;"[39m
                [36m>[39m
                  [0mAdd[0m
                  [0m [0m
                  [36m<button[39m
                    [33mclass[39m=[32m"btn btn-primary btn-sm"[39m
                    [33mtype[39m=[32m"button"[39m
                  [36m>[39m
                    [0mGrace Hopper[0m
                  [36m</button>[39m
                [36m</div>[39m
                [36m<div[39m
                  [33mstyle[39m=[32m"margin-bottom: 4px;"[39m
                [36m>[39m
                  [0mAdd[0m
                  [0m [0m
                  [36m<button[39m
                    [33mclass[39m=[32m"btn btn-primary btn-sm"[39m
                    [33mtype[39m=[32m"button"[39m
                  [36m>[39m
                    [0mAda Lovelace[0m
                  [36m</button>[39m
                [36m</div>[39m
                [36m<div[39m
                  [33mstyle[39m=[32m"margin-bottom: 4px;"[39m
                [36m>[39m
                  [0mAdd[0m
                  [0m [0m
                  [36m<button[39m
                    [33mclass[39m=[32m"btn btn-primary btn-sm"[39m
                    [33mtype[39m=[32m"button"[39m
                  [36m>[39m
                    [0mCharles Babbage[0m
                  [36m</button>[39m
                [36m</div>[39m
                [36m<div[39m
                  [33mstyle[39m=[32m"margin-bottom: 4px;"[39m
                [36m>[39m
                  [0mAdd[0m
                  [0m [0m
                  [36m<button[39m
                    [33mclass[39m=[32m"btn btn-primary btn-sm"[39m
                    [33mtype[39m=[32m"button"[39m
                  [36m>[39m
                    [0mBarbara Liskov[0m
                  [36m</button>[39m
                [36m</div>[39m
                [36m<div[39m
                  [33mstyle[39m=[32m"margin-bottom: 4px;"[39m
                [36m>[39m
                  [0mAdd[0m
                  [0m [0m
                  [36m<button[39m
                    [33mclass[39m=[32m"btn btn-primary btn-sm"[39m
                    [33mtype[39m=[32m"button"[39m
                  [36m>[39m
                    [0mMargaret Hamilton[0m
                  [36m</button>[39m
                [36m</div>[39m
              [36m</div>[39m
              [36m<div[39m
                [33mclass[39m=[32m"col"[39m
              [36m>[39m
                [36m<strong>[39m
                  [0mTeam:[0m
                [36m</strong>[39m
                [36m<button[39m
                  [33mclass[39m=[32m"btn btn-primary"[39m
                  [33mtype[39m=[32m"button"[39m
                [36m>[39m
                  [0mClear Team[0m
                [36m</button>[39m
              [36m</div>[39m
            [36m</div>[39m
          [36m</div>[39m
          [36m<hr />[39m
          [36m<div>[39m
            [36m<h3>[39m
              [0mColored Box[0m
            [36m</h3>[39m
            [36m<span>[39m
              [0mThe current color is: [0m
              [0mred[0m
            [36m</span>[39m
            [36m<div>[39m
              [36m<button[39m
                [33mclass[39m=[32m"btn btn-primary"[39m
                [33mtype[39m=[32m"button"[39m
              [36m>[39m
                [0mNext Color (Index: [0m
                [0m0[0m
                [0m) Aligning with: [0m
                [0mred[0m
              [36m</button>[39m
              [36m<div[39m
                [33mdata-testid[39m=[32m"colored-box"[39m
                [33mstyle[39m=[32m"width: 50px; height: 50px; background-color: red; display: inline-block; vertical-align: bottom; margin-left: 5px;"[39m
              [36m/>[39m
            [36m</div>[39m
          [36m</div>[39m
          [36m<hr />[39m
          [36m<div>[39m
            [36m<h3>[39m
              [0mShove Box[0m
            [36m</h3>[39m
            [36m<span>[39m
              [0mThe box is at: [0m
              [0m10[0m
            [36m</span>[39m
            [36m<div>[39m
              [36m<button[39m
                [33mclass[39m=[32m"btn btn-primary"[39m
                [33mtype[39m=[32m"button"[39m
              [36m>[39m
                [0mShove the Box[0m
              [36m</button>[39m
              [36m<div[39m
                [33mdata-testid[39m=[32m"moveable-box"[39m
                [33mstyle[39m=[32m"width: 50px; height: 50px; background-color: lightblue; border: 1px solid blue; display: inline-block; vertical-align: bottom; margin-left: 10px;"[39m
              [36m/>[39m
            [36m</div>[39m
          [36m</div>[39m
          [36m<hr />[39m
          [36m<span>[39m
            [36m<button[39m
              [33mclass[39m=[32m"btn btn-primary"[39m
              [33mtype[39m=[32m"button"[39m
            [36m>[39m
              [0mAdd One[0m
            [36m</button>[39m
            [0mto [0m
            [0m0[0m
            [0m.[0m
          [36m</span>[39m
          [36m<hr />[39m
          [36m<div>[39m
            [36m<button[39m
              [33mclass[39m=[32m"btn btn-primary"[39m
              [33mtype[39m=[32m"button"[39m
            [36m>[39m
              [0mReveal Answer[0m
            [36m</button>[39m
          [36m</div>[39m
          [36m<hr />[39m
          [36m<div>[39m
            [36m<button[39m
              [33mclass[39m=[32m"btn btn-primary"[39m
              [33mtype[39m=[32m"button"[39m
            [36m>[39m
              [0mStart Quiz[0m
            [36m</button>[39m
            [36m<button[39m
              [33mclass[39m=[32m"btn btn-primary"[39m
              [33mdisabled[39m=[32m""[39m
              [33mtype[39m=[32m"button"[39m
            [36m>[39m
              [0mStop Quiz[0m
            [36m</button>[39m
            [36m<button[39m
              [33mclass[39m=[32m"btn btn-primary"[39m
              [33mtype[39m=[32m"button"[39m
            [36m>[39m
              [0mMulligan[0m
            [36m</button>[39m
            [36m<p>[39m
              [0mAttempts remaining: [0m
              [0m4[0m
            [36m</p>[39m
          [36m</div>[39m
          [36m<hr />[39m
          [36m<div>[39m
            [36m<button[39m
              [33mclass[39m=[32m"btn btn-primary"[39m
              [33mdata-testid[39m=[32m"left-die"[39m
              [33mtype[39m=[32m"button"[39m
            [36m>[39m
              [0mRoll Left: [0m
              [0m3[0m
            [36m</button>[39m
            [36m<button[39m
              [33mclass[39m=[32m"btn btn-primary"[39m
              [33mdata-testid[39m=[32m"right-die"[39m
              [33mtype[39m=[32m"button"[39m
            [36m>[39m
              [0mRoll Right: [0m
              [0m2[0m
            [36m</button>[39m
          [36m</div>[39m
          [36m<hr />[39m
          [36m<div>[39m
            [36m<button[39m
              [33mclass[39m=[32m"btn btn-primary"[39m
              [33mtype[39m=[32m"button"[39m
            [36m>[39m
              [0mChange Type[0m
            [36m</button>[39m
            [36m<p>[39m
              [0mShort Answer[0m
            [36m</p>[39m
          [36m</div>[39m
          [36m<hr />[39m
          [36m<div>[39m
            [36m<p>[39m
              [0mHoliday: [0m
              [0m🎏[0m
            [36m</p>[39m
            [36m<button[39m
              [33mclass[39m=[32m"btn btn-primary"[39m
              [33mtype[39m=[32m"button"[39m
            [36m>[39m
              [0mAdvance by Alphabet[0m
            [36m</button>[39m
            [36m<button[39m
              [33mclass[39m=[32m"btn btn-primary"[39m
              [33mtype[39m=[32m"button"[39m
            [36m>[39m
              [0mAdvance by Year[0m
            [36m</button>[39m
          [36m</div>[39m
        [36m</div>[39m
      [36m</div>[39m
    [36m</body>[39m

       7 |     test("There is a header", () => {
       8 |         render(<App />);
    >  9 |         const header = screen.getByRole("heading");
         |                               ^
      10 |         expect(header).toBeInTheDocument();
      11 |     });
      12 |

      at Object.getElementError (node_modules/@testing-library/dom/dist/config.js:38:19)
      at getElementError (node_modules/@testing-library/dom/dist/query-helpers.js:25:35)
      at getMultipleElementsFoundError (node_modules/@testing-library/dom/dist/query-helpers.js:29:10)
      at node_modules/@testing-library/dom/dist/query-helpers.js:66:13
      at getByRole (node_modules/@testing-library/dom/dist/query-helpers.js:111:19)
      at Object.<anonymous> (src/HtmlCss.test.tsx:9:31)

PASS src/components/Counter.test.tsx
PASS src/components/RevealAnswer.test.tsx
FAIL src/bad-components/ColoredBox.test.tsx
  ● ColoredBox Component tests › Clicking the button advances the color.

    expect(element).toHaveStyle()

    - Expected

    - backgroundColor: blue;

      17 |         const nextColor = screen.getByRole("button");
      18 |         nextColor.click();
    > 19 |         expect(screen.getByTestId("colored-box")).toHaveStyle({
         |                                                   ^
      20 |             backgroundColor: "blue"
      21 |         });
      22 |         nextColor.click();

      at Object.<anonymous> (src/bad-components/ColoredBox.test.tsx:19:51)

PASS src/bad-components/ShoveBox.test.tsx
PASS src/text.test.tsx
PASS src/App.test.tsx
----------------------|---------|----------|---------|---------|-------------------
File                  | % Stmts | % Branch | % Funcs | % Lines | Uncovered Line #s 
----------------------|---------|----------|---------|---------|-------------------
All files             |   98.05 |    89.88 |     100 |   98.32 |                   
 src                  |   97.77 |    89.55 |     100 |    98.2 |                   
  App.tsx             |     100 |      100 |     100 |     100 |                   
  arrays.ts           |   98.55 |    93.54 |     100 |   98.43 | 40                
  functions.ts        |     100 |      100 |     100 |     100 |                   
  nested.ts           |   96.92 |       80 |     100 |   98.24 | 230               
  objects.ts          |      96 |    83.33 |     100 |      96 | 50                
 src/bad-components   |   96.87 |       50 |     100 |   96.55 |                   
  ChooseTeam.tsx      |     100 |       50 |     100 |     100 | 18                
  ColoredBox.tsx      |     100 |      100 |     100 |     100 |                   
  DoubleHalf.tsx      |     100 |      100 |     100 |     100 |                   
  DoubleHalfState.tsx |       0 |      100 |     100 |       0 | 3                 
  ShoveBox.tsx        |     100 |      100 |     100 |     100 |                   
 src/components       |     100 |       95 |     100 |     100 |                   
  ChangeType.tsx      |     100 |      100 |     100 |     100 |                   
  Counter.tsx         |     100 |      100 |     100 |     100 |                   
  CycleHoliday.tsx    |     100 |      100 |     100 |     100 |                   
  RevealAnswer.tsx    |     100 |      100 |     100 |     100 |                   
  StartAttempt.tsx    |     100 |       75 |     100 |     100 | 8                 
  TwoDice.tsx         |     100 |      100 |     100 |     100 |                   
 src/interfaces       |       0 |        0 |       0 |       0 |                   
  answer.ts           |       0 |        0 |       0 |       0 |                   
  question.ts         |       0 |        0 |       0 |       0 |                   
----------------------|---------|----------|---------|---------|-------------------

Test Suites: 5 failed, 12 passed, 17 total
Tests:       15 failed, 103 passed, 118 total
Snapshots:   0 total
Time:        7.047 s
Ran all test suites.
